// Jest Snapshot v1, https://goo.gl/fbAQLP

exports[`Details test should render and match 1`] = `
<styled.div>
  <div>
    <h2>
      IP Address
    </h2>
    <p>
      192.212.174.101
    </p>
  </div>
  <div>
    <h2>
      Location
    </h2>
    <p>
      Brooklyn, NY 10001
    </p>
  </div>
  <div>
    <h2>
      Timezone
    </h2>
    <p>
      UTC
       
      -05:00
    </p>
  </div>
  <div>
    <h2>
      ISP
    </h2>
    <p>
      SpaceX Starlink
    </p>
  </div>
</styled.div>
`;
