// Jest Snapshot v1, https://goo.gl/fbAQLP

exports[`Details test should render and match 1`] = `
<div
  className="sc-bdvvtL aZzYl"
>
  <div
    className="sc-gsDKAQ efJMhT"
  >
    <h2
      className="sc-dkPtRN cIkiZQ"
    >
      IP Address
    </h2>
    <p
      className="sc-hKwDye bXAloP"
    >
      192.212.174.101
    </p>
  </div>
  <div
    className="sc-gsDKAQ efJMhT"
  >
    <h2
      className="sc-dkPtRN cIkiZQ"
    >
      Location
    </h2>
    <p
      className="sc-hKwDye bXAloP"
    >
      Brooklyn, NY 10001
    </p>
  </div>
  <div
    className="sc-gsDKAQ efJMhT"
  >
    <h2
      className="sc-dkPtRN cIkiZQ"
    >
      Timezone
    </h2>
    <p
      className="sc-hKwDye bXAloP"
    >
      UTC
       
      -05:00
    </p>
  </div>
  <div
    className="sc-gsDKAQ efJMhT"
  >
    <h2
      className="sc-dkPtRN cIkiZQ"
    >
      ISP
    </h2>
    <p
      className="sc-hKwDye bXAloP"
    >
      SpaceX Starlink
    </p>
  </div>
</div>
`;
